Microchip MPLAB XC8 Compiler V2.41

Linker command line:

-W-3 \
  --edf=/Users/pulsz/.mchp_packs/Microchip/PIC16Fxxx_DFP/1.5.151/xc8/pic/dat/20230817221047_en.msgs \
  -cn -h+dist/default/production/projeto_final.X.production.sym \
  --cmf=dist/default/production/projeto_final.X.production.cmf -z -Q16F874A \
  -o/tmp/xcN5ICROo/driver_tmp_3.o --defsym=__MPLAB_BUILD=1 \
  --fixupoverflow=error \
  -Mdist/default/production/projeto_final.X.production.map \
  --md=/tmp/xcN5ICROo/driver_tmp_0.dat -E1 -ver=XC8 Compiler --acfsm=1493 \
  -ACODE=00h-07FFhx2 -ASTRCODE=00h-0FFFh -ASTRING=00h-0FFhx16 \
  -ACONST=00h-0FFhx16 -AENTRY=00h-0FFhx16 -ABANK0=020h-07Dh \
  -ABANK1=0A0h-0FDh -ARAM=020h-07Dh,0A0h-0FDh -AABS1=020h-07Fh,0A0h-0FFh \
  -ACOMMON=07Eh-07Fh -ASFR0=00h-01Fh -ASFR1=080h-09Fh -ASFR2=0100h-017Dh \
  -ASFR3=0180h-01FDh -ACONFIG=02007h-02007h -DCONFIG=2 \
  -AIDLOC=02000h-02003h -DIDLOC=2 -AEEDATA=00h-07Fh/02100h \
  -peeprom_data=EEDATA -DEEDATA=2 -DCODE=2 -DSTRCODE=2 -DSTRING=2 -DCONST=2 \
  -DENTRY=2 -preset_vec=00h,intentry,init,end_init -ppowerup=CODE \
  -pcinit=CODE -pfunctab=ENTRY -k /tmp/xcN5ICROo/driver_tmp_12.o \
  dist/default/production/projeto_final.X.production.o 

Object code version is 3.11

Machine type is 16F874A



                Name                               Link     Load   Length Selector   Space Scale
/tmp/xcN5ICROo/driver_tmp_12.o
                end_init                              0        0        2        0       0
                config                             2007     2007        1        0       4
                idloc                              2000     2000        4        0       5
dist/default/production/projeto_final.X.production.o
                cinit                               7FD      7FD        3      FFA       0
                config                             2007     2007        1        0       4
                idloc                              2000     2000        4        0       5
                text9                               6DE      6DE       8C      DBC       0
                text8                               4F6      4F6       14      9EC       0
                text7                               50A      50A       14      A14       0
                text6                               567      567       72      ACE       0
                text5                               51E      51E       49      A3C       0
                text4                               5D9      5D9       81      BB2       0
                text3                               4E7      4E7        F      9CE       0
                text2                               76A      76A       93      ED4       0
                text1                               4DC      4DC        B      9B8       0
                maintext                            65A      65A       84      CB4       0
                cstackBANK0                          20       20        B       20       1

TOTAL           Name                               Link     Load   Length     Space
        CLASS   CODE           
                end_init                              0        0        2         0
                cinit                               7FD      7FD        3         0
                text9                               6DE      6DE       8C         0
                text8                               4F6      4F6       14         0
                text7                               50A      50A       14         0
                text6                               567      567       72         0
                text5                               51E      51E       49         0
                text4                               5D9      5D9       81         0
                text3                               4E7      4E7        F         0
                text2                               76A      76A       93         0
                text1                               4DC      4DC        B         0
                maintext                            65A      65A       84         0

        CLASS   STRCODE        

        CLASS   STRING         

        CLASS   CONST          

        CLASS   ENTRY          

        CLASS   BANK0          
                cstackBANK0                          20       20        B         1

        CLASS   BANK1          

        CLASS   RAM            

        CLASS   ABS1           
                abs_s1                               7E       7E        2         1

        CLASS   COMMON         

        CLASS   SFR0           

        CLASS   SFR1           

        CLASS   SFR2           

        CLASS   SFR3           

        CLASS   CONFIG         
                config                             2007     2007        1         4

        CLASS   IDLOC          
                idloc                              2000     2000        4         5

        CLASS   EEDATA         

        CLASS   BANK3          

        CLASS   BANK2          

        CLASS   STACK          



SEGMENTS        Name                           Load    Length   Top    Selector   Space  Class     Delta

                text8                          0004F6  000014  00050A       9EC       0  CODE        2
                text6                          000567  000072  0005D9       ACE       0  CODE        2
                text4                          0005D9  000081  00065A       BB2       0  CODE        2
                text7                          00050A  000014  00051E       A14       0  CODE        2
                text5                          00051E  000049  000567       A3C       0  CODE        2
                text3                          0004E7  00000F  0004F6       9CE       0  CODE        2
                text1                          0004DC  00000B  0004E7       9B8       0  CODE        2
                reset_vec                      000000  000002  000002         0       0  CODE        2
                maintext                       00065A  000084  0006DE       CB4       0  CODE        2
                cstackBANK0                    000020  00000B  00002B        20       1  BANK0       1
                cinit                          0007FD  000003  000800       FFA       0  CODE        2
                text9                          0006DE  00008C  00076A       DBC       0  CODE        2
                text2                          00076A  000093  0007FD       ED4       0  CODE        2


UNUSED ADDRESS RANGES

        Name                Unused          Largest block    Delta
        BANK0            002B-007D             53           1
        BANK1            00A0-00FD             5E           1
        CODE             0002-04DB            4DA           2
                         0800-0FFF            800
        CONST            0002-04DB            100           2
                         0800-0FFF            100
        EEDATA           2100-217F             80           2
        ENTRY            0002-04DB            100           2
                         0800-0FFF            100
        RAM              002B-007D             53           1
                         00A0-00FD             5E
        SFR0             0000-001F             20           1
        SFR1             0080-009F             20           1
        SFR2             0100-017D             7E           1
        SFR3             0180-01FD             7E           1
        STRCODE          0002-04DB            4DA           2
                         0800-0FFF            800
        STRING           0002-04DB            100           2
                         0800-0FFF            100

                                  Symbol Table

_ADCON0bits              (abs)        001F
_ADCON1bits              (abs)        009F
_PORTAbits               (abs)        0005
_PORTBbits               (abs)        0006
_PORTCbits               (abs)        0007
_PORTDbits               (abs)        0008
_RC4                     (abs)        003C
_RC5                     (abs)        003D
_RC6                     (abs)        003E
_RC7                     (abs)        003F
_TRISB                   (abs)        0086
_TRISC                   (abs)        0087
_TRISD                   (abs)        0088
__H__absolute__          __absolute__ 0000
__Habs1                  abs1         0000
__Hbank0                 bank0        0000
__Hbank1                 bank1        0000
__Hbank2                 bank2        0000
__Hbank3                 bank3        0000
__Hcinit                 cinit        0800
__Hclrtext               clrtext      0000
__Hcode                  code         0000
__Hcommon                common       0000
__Hconfig                config       2008
__HcstackBANK0           cstackBANK0  0000
__HcstackCOMMON          cstackCOMMON 0000
__Heeprom_data           eeprom_data  0000
__Hend_init              end_init     0002
__Hfunctab               functab      0000
__Hidloc                 idloc        2004
__Hinit                  init         0000
__Hintentry              intentry     0000
__Hmaintext              maintext     0000
__Hpowerup               powerup      0000
__Hram                   ram          0000
__Hreset_vec             reset_vec    0000
__Hsfr0                  sfr0         0000
__Hsfr1                  sfr1         0000
__Hsfr2                  sfr2         0000
__Hsfr3                  sfr3         0000
__Hspace_0               (abs)        0800
__Hspace_1               (abs)        002B
__Hspace_2               (abs)        0000
__Hspace_3               (abs)        0000
__Hspace_4               (abs)        400F
__Hstack                 stack        0000
__Hstrings               strings      0000
__Htext                  text         0000
__L__absolute__          __absolute__ 0000
__Labs1                  abs1         0000
__Lbank0                 bank0        0000
__Lbank1                 bank1        0000
__Lbank2                 bank2        0000
__Lbank3                 bank3        0000
__Lcinit                 cinit        07FD
__Lclrtext               clrtext      0000
__Lcode                  code         0000
__Lcommon                common       0000
__Lconfig                config       0000
__LcstackBANK0           cstackBANK0  0000
__LcstackCOMMON          cstackCOMMON 0000
__Leeprom_data           eeprom_data  0000
__Lend_init              end_init     0000
__Lfunctab               functab      0000
__Lidloc                 idloc        0000
__Linit                  init         0000
__Lintentry              intentry     0000
__Lmaintext              maintext     0000
__Lpowerup               powerup      0000
__Lram                   ram          0000
__Lreset_vec             reset_vec    0000
__Lsfr0                  sfr0         0000
__Lsfr1                  sfr1         0000
__Lsfr2                  sfr2         0000
__Lsfr3                  sfr3         0000
__Lspace_0               (abs)        0000
__Lspace_1               (abs)        0000
__Lspace_2               (abs)        0000
__Lspace_3               (abs)        0000
__Lspace_4               (abs)        0000
__Lstack                 stack        0000
__Lstrings               strings      0000
__Ltext                  text         0000
__S0                     (abs)        0800
__S1                     (abs)        002B
__S3                     (abs)        0000
___int_sp                stack        0000
___latbits               (abs)        0001
___sp                    stack        0000
___stackhi               (abs)        0000
___stacklo               (abs)        0000
__end_of__initialization cinit        07FD
__end_of_definirCorRGB   text8        050A
__end_of_enviarByte      text9        076A
__end_of_escrevedp       text2        07FD
__end_of_escrevedp_ini   text6        05D9
__end_of_ini_display     text5        0567
__end_of_le_teclado      text4        065A
__end_of_limpa_disp      text3        04F6
__end_of_main            maintext     06DE
__end_of_posdp           text1        04E7
__end_of_tempo_disp      text7        051E
__initialization         cinit        07FD
__pcstackBANK0           cstackBANK0  0020
__pcstackCOMMON          cstackCOMMON 0000
__pmaintext              maintext     065A
__ptext1                 text1        04DC
__ptext2                 text2        076A
__ptext3                 text3        04E7
__ptext4                 text4        05D9
__ptext5                 text5        051E
__ptext6                 text6        0567
__ptext7                 text7        050A
__ptext8                 text8        04F6
__ptext9                 text9        06DE
_definirCorRGB           text8        04F6
_enviarByte              text9        06DE
_escrevedp               text2        076A
_escrevedp_ini           text6        0567
_ini_display             text5        051E
_le_teclado              text4        05D9
_limpa_disp              text3        04E7
_main                    maintext     065A
_posdp                   text1        04DC
_tempo_disp              text7        050A
btemp                    (abs)        007E
definirCorRGB@azul       cstackBANK0  0022
definirCorRGB@verde      cstackBANK0  0021
definirCorRGB@vermelho   cstackBANK0  0023
end_of_initialization    cinit        07FD
enviarByte@byte          cstackBANK0  0020
escrevedp@dado           cstackBANK0  0024
escrevedp_ini@dado       cstackBANK0  0024
intlevel0                functab      0000
intlevel1                functab      0000
intlevel2                functab      0000
intlevel3                functab      0000
intlevel4                functab      0000
intlevel5                functab      0000
le_teclado@caractere     cstackBANK0  0020
main@caractere           cstackBANK0  002A
posdp@ValorP             cstackBANK0  0025
reset_vec                reset_vec    0000
start                    init         0000
start_initialization     cinit        07FD
tempo_disp@tempo         cstackBANK0  0020
wtemp0                   (abs)        007E


MODULE INFORMATION

Module		Function		Class		Link	Load	Size
newmain.c
		_escrevedp     		CODE           	076A	0000	147
		_le_teclado    		CODE           	05D9	0000	129
		_escrevedp_ini 		CODE           	0567	0000	114
		_definirCorRGB 		CODE           	04F6	0000	20
		_main          		CODE           	065A	0000	132
		_tempo_disp    		CODE           	050A	0000	20
		_posdp         		CODE           	04DC	0000	11
		_ini_display   		CODE           	051E	0000	73
		_enviarByte    		CODE           	06DE	0000	140
		_limpa_disp    		CODE           	04E7	0000	15

newmain.c estimated size: 801

shared
		__initialization		CODE           	07FD	0000	1

shared estimated size: 1

